// Jest Snapshot v1, https://goo.gl/fbAQLP

exports[`Button component renders Basic story 1`] = `
.emotion-0 {
  border-radius: 10px;
  background-color: orange;
  padding: 0.5rem 1rem;
  border: none;
  cursor: pointer;
}

<body>
  <div>
    <button
      class="emotion-0 emotion-1"
    >
      Button
    </button>
  </div>
</body>
`;
